
added 75 packages in 675ms

> devcoreblog-assets@1.0.0 build
> node scripts/frontend/build.mjs

Browserslist: caniuse-lite is outdated. Please run:
  npx update-browserslist-db@latest
  Why you should do it regularly: https://github.com/browserslist/update-db#readme

Rebuilding...

Done in 233ms.
Browserslist: caniuse-lite is outdated. Please run:
  npx update-browserslist-db@latest
  Why you should do it regularly: https://github.com/browserslist/update-db#readme

Rebuilding...

Done in 224ms.
Frontend assets built: Tailwind 3.4.17, Prism 1.30.0.

> devcoreblog-assets@1.0.0 build
> node scripts/frontend/build.mjs

Browserslist: caniuse-lite is outdated. Please run:
  npx update-browserslist-db@latest
  Why you should do it regularly: https://github.com/browserslist/update-db#readme

Rebuilding...

Done in 250ms.
Browserslist: caniuse-lite is outdated. Please run:
  npx update-browserslist-db@latest
  Why you should do it regularly: https://github.com/browserslist/update-db#readme

Rebuilding...

Done in 222ms.
Frontend assets built: Tailwind 3.4.17, Prism 1.30.0.
f35_clean_install_and_identical_rebuild=true
  Geri yüklenecek projeler belirleniyor...
  /private/tmp/devcoreblog-f35.iZVh7P/source/DevCoreBlog.Core/DevCoreBlog.Core.csproj geri yüklendi (40 ms içinde).
  /private/tmp/devcoreblog-f35.iZVh7P/source/DevCoreBlog.Data/DevCoreBlog.Data.csproj geri yüklendi (108 ms içinde).
  /private/tmp/devcoreblog-f35.iZVh7P/source/DevCoreBlog.Services/DevCoreBlog.Services.csproj geri yüklendi (107 ms içinde).
  /private/tmp/devcoreblog-f35.iZVh7P/source/DevCoreBlog.csproj geri yüklendi (153 ms içinde).
  
  added 75 packages in 422ms
  
  > devcoreblog-assets@1.0.0 build
  > node scripts/frontend/build.mjs
  
  Browserslist: caniuse-lite is outdated. Please run:
    npx update-browserslist-db@latest
    Why you should do it regularly: https://github.com/browserslist/update-db#readme
  
  Rebuilding...
  
  Done in 216ms.
  Browserslist: caniuse-lite is outdated. Please run:
    npx update-browserslist-db@latest
    Why you should do it regularly: https://github.com/browserslist/update-db#readme
  
  Rebuilding...
  
  Done in 210ms.
  Frontend assets built: Tailwind 3.4.17, Prism 1.30.0.
  DevCoreBlog.Core -> /private/tmp/devcoreblog-f35.iZVh7P/source/DevCoreBlog.Core/bin/Release/net10.0/DevCoreBlog.Core.dll
  DevCoreBlog.Data -> /private/tmp/devcoreblog-f35.iZVh7P/source/DevCoreBlog.Data/bin/Release/net10.0/DevCoreBlog.Data.dll
  DevCoreBlog.Services -> /private/tmp/devcoreblog-f35.iZVh7P/source/DevCoreBlog.Services/bin/Release/net10.0/DevCoreBlog.Services.dll
  DevCoreBlog -> /private/tmp/devcoreblog-f35.iZVh7P/source/bin/Release/net10.0/DevCoreBlog.dll
  DevCoreBlog -> /tmp/devcoreblog-f35.iZVh7P/publish/
f35_clean_publish_builds_and_includes_assets=true
