{
  "baseline": true,
  "checks": {
    "single_page_h1": false,
    "heading_ids_unique": false,
    "toc_targets_exact": false,
    "short_no_toc": true,
    "reading_ignores_reference_metadata": false,
    "long_reading_estimate": true,
    "related_bounded": false,
    "related_excludes_current": true,
    "related_hides_draft_future_inactive": true,
    "raw_html_encoded": true,
    "unsafe_url_rejected": true,
    "youtube_allowlist_preserved": true,
    "code_text_preserved": true,
    "copy_module_present": false,
    "no_invented_updated_date": true
  }
}
