{
  "checks": {
    "/_compiled_assets": true,
    "cache_busting_/generated/tailwind-public.css": true,
    "cache_busting_/generated/prism/themes/prism-tomorrow.css": true,
    "cache_busting_/generated/prism/plugins/toolbar/prism-toolbar.css": true,
    "cache_busting_/generated/prism/components/prism-core.min.js": true,
    "cache_busting_/generated/prism/plugins/autoloader/prism-autoloader.min.js": true,
    "cache_busting_/generated/prism/plugins/toolbar/prism-toolbar.min.js": true,
    "cache_busting_/generated/prism/plugins/show-language/prism-show-language.min.js": true,
    "toolbar_precedes_language": true,
    "/kategori/f01-active_compiled_assets": true,
    "/ara?query=F01_compiled_assets": true,
    "/yazi/f01-markdown-xss_compiled_assets": true,
    "/Account/Login_compiled_assets": true,
    "/Admin/Dashboard_compiled_assets": true,
    "cache_busting_/generated/tailwind-admin.css": true,
    "cache_busting_/generated/toastui/toastui-editor.min.css": true,
    "cache_busting_/generated/toastui/toastui-editor-all.min.js": true,
    "/AdminPost_compiled_assets": true,
    "/AdminPost/Create_compiled_assets": true,
    "/AdminPost/Edit/2005_compiled_assets": true,
    "http_asset_/generated/prism/components/prism-core.min.js": true,
    "http_asset_/generated/prism/plugins/autoloader/prism-autoloader.min.js": true,
    "http_asset_/generated/prism/plugins/show-language/prism-show-language.min.js": true,
    "http_asset_/generated/prism/plugins/toolbar/prism-toolbar.css": true,
    "http_asset_/generated/prism/plugins/toolbar/prism-toolbar.min.js": true,
    "http_asset_/generated/prism/themes/prism-tomorrow.css": true,
    "http_asset_/generated/tailwind-admin.css": true,
    "http_asset_/generated/tailwind-public.css": true,
    "http_asset_/generated/toastui/toastui-editor-all.min.js": true,
    "http_asset_/generated/toastui/toastui-editor.min.css": true
  },
  "unique_rendered_assets": 10
}
