  Geri yüklenecek projeler belirleniyor...
  /Users/mehmetcankocakurt/Documents/development/DevCoreBlog/DevCoreBlog.csproj geri yüklendi (1,04 sn içinde).
  Geri yükleme için 4 proje içinden 3 tanesi güncel.
  
  > devcoreblog-assets@1.0.0 build
  > node scripts/frontend/build.mjs
  
  Browserslist: caniuse-lite is outdated. Please run:
    npx update-browserslist-db@latest
    Why you should do it regularly: https://github.com/browserslist/update-db#readme
  Browserslist: browsers data (caniuse-lite) is 9 months old. Please run:
    npx update-browserslist-db@latest
    Why you should do it regularly: https://github.com/browserslist/update-db#readme
  
  Rebuilding...
  
  Done in 322ms.
  Browserslist: caniuse-lite is outdated. Please run:
    npx update-browserslist-db@latest
    Why you should do it regularly: https://github.com/browserslist/update-db#readme
  Browserslist: browsers data (caniuse-lite) is 9 months old. Please run:
    npx update-browserslist-db@latest
    Why you should do it regularly: https://github.com/browserslist/update-db#readme
  
  Rebuilding...
  
  Done in 327ms.
  Frontend assets built: Tailwind 3.4.17, Prism 1.30.0.
  DevCoreBlog.Core -> /Users/mehmetcankocakurt/Documents/development/DevCoreBlog/DevCoreBlog.Core/bin/Debug/net10.0/DevCoreBlog.Core.dll
  DevCoreBlog.Data -> /Users/mehmetcankocakurt/Documents/development/DevCoreBlog/DevCoreBlog.Data/bin/Debug/net10.0/DevCoreBlog.Data.dll
/Users/mehmetcankocakurt/Documents/development/DevCoreBlog/DevCoreBlog.Services/PostService.cs(144,13): error CS0103: 'PostPublication' adı geçerli bağlamda yok [/Users/mehmetcankocakurt/Documents/development/DevCoreBlog/DevCoreBlog.Services/DevCoreBlog.Services.csproj]

Oluşturma BAŞARISIZ OLDU.

/Users/mehmetcankocakurt/Documents/development/DevCoreBlog/DevCoreBlog.Services/PostService.cs(144,13): error CS0103: 'PostPublication' adı geçerli bağlamda yok [/Users/mehmetcankocakurt/Documents/development/DevCoreBlog/DevCoreBlog.Services/DevCoreBlog.Services.csproj]
    0 Uyarı
    1 Hata

Geçen Süre 00:00:07.18
