F11 isolated optional cover and validation verification
{
  "checks": {
    "create_form_has_optional_cover_and_hides_empty_summary": true,
    "create_without_cover_persists": true,
    "edit_form_does_not_post_stored_cover": true,
    "edit_without_file_preserves_server_cover": true,
    "validation_failure_retains_inputs_and_does_not_persist": true,
    "upload_failure_retains_inputs_cover_and_database_state": true
  },
  "statuses": {
    "create_without_cover_final": 200,
    "edit_without_file_final": 200,
    "validation_failure_final": 200,
    "failed_upload_final": 200
  }
}
F12 shared MVC and webhook validation verification
{
  "checks": {
    "form_exposes_matching_limits_and_only_active_categories": true,
    "system_fields_are_absent_from_create_contract": true,
    "form_rejects_oversized_summary_without_persisting": true,
    "webhook_rejects_same_summary_rule_with_field_error": true,
    "webhook_maps_cover_rule_to_payload_field": true,
    "webhook_rejects_inactive_category": true,
    "valid_form_ignores_submitted_system_fields": true,
    "category_form_enforces_name_limit": true
  },
  "statuses": {
    "post_form_invalid": 200,
    "post_form_overpost_final": 200,
    "category_form_invalid": 200,
    "webhook_shared_invalid": 400,
    "webhook_inactive_category": 400
  }
}
