  
  > devcoreblog-assets@1.0.0 build
  > node scripts/frontend/build.mjs
  
  Browserslist: caniuse-lite is outdated. Please run:
    npx update-browserslist-db@latest
    Why you should do it regularly: https://github.com/browserslist/update-db#readme
  
  Rebuilding...
  
  Done in 436ms.
  Browserslist: caniuse-lite is outdated. Please run:
    npx update-browserslist-db@latest
    Why you should do it regularly: https://github.com/browserslist/update-db#readme
  
  Rebuilding...
  
  Done in 432ms.
  Frontend assets built: Tailwind 3.4.17, Prism 1.30.0.
  DevCoreBlog.Core -> /tmp/devcoreblog-f55-nfvmaf6v/source/DevCoreBlog.Core/bin/Debug/net10.0/DevCoreBlog.Core.dll
  DevCoreBlog.Data -> /tmp/devcoreblog-f55-nfvmaf6v/source/DevCoreBlog.Data/bin/Debug/net10.0/DevCoreBlog.Data.dll
  DevCoreBlog.Services -> /tmp/devcoreblog-f55-nfvmaf6v/source/DevCoreBlog.Services/bin/Debug/net10.0/DevCoreBlog.Services.dll
  DevCoreBlog -> /tmp/devcoreblog-f55-nfvmaf6v/source/bin/Debug/net10.0/DevCoreBlog.dll

Build succeeded.
    0 Warning(s)
    0 Error(s)

Time Elapsed 00:00:17.98
