  
  > devcoreblog-assets@1.0.0 build
  > node scripts/frontend/build.mjs
  
  Browserslist: caniuse-lite is outdated. Please run:
    npx update-browserslist-db@latest
    Why you should do it regularly: https://github.com/browserslist/update-db#readme
  
  Rebuilding...
  
  Done in 280ms.
  Browserslist: caniuse-lite is outdated. Please run:
    npx update-browserslist-db@latest
    Why you should do it regularly: https://github.com/browserslist/update-db#readme
  
  Rebuilding...
  
  Done in 224ms.
  Frontend assets built: Tailwind 3.4.17, Prism 1.30.0.
  DevCoreBlog.Core -> /private/tmp/devcoreblog-f17.ceGhXu/source/DevCoreBlog.Core/bin/Debug/net10.0/DevCoreBlog.Core.dll
  DevCoreBlog.Data -> /private/tmp/devcoreblog-f17.ceGhXu/source/DevCoreBlog.Data/bin/Debug/net10.0/DevCoreBlog.Data.dll
  DevCoreBlog.Services -> /private/tmp/devcoreblog-f17.ceGhXu/source/DevCoreBlog.Services/bin/Debug/net10.0/DevCoreBlog.Services.dll
  DevCoreBlog -> /private/tmp/devcoreblog-f17.ceGhXu/source/bin/Debug/net10.0/DevCoreBlog.dll

Oluşturma başarılı oldu.
    0 Uyarı
    0 Hata

Geçen Süre 00:00:08.14
  DevCoreBlog.Core -> /private/tmp/devcoreblog-f17.ceGhXu/source/DevCoreBlog.Core/bin/Debug/net10.0/DevCoreBlog.Core.dll
  DevCoreBlog.Services -> /private/tmp/devcoreblog-f17.ceGhXu/source/DevCoreBlog.Services/bin/Debug/net10.0/DevCoreBlog.Services.dll
  DevCoreBlog.PasswordHashTool -> /private/tmp/devcoreblog-f17.ceGhXu/source/tools/DevCoreBlog.PasswordHashTool/bin/Debug/net10.0/DevCoreBlog.PasswordHashTool.dll

Oluşturma başarılı oldu.
    0 Uyarı
    0 Hata

Geçen Süre 00:00:01.29
  DevCoreBlog.Core -> /private/tmp/devcoreblog-f17.ceGhXu/source/DevCoreBlog.Core/bin/Debug/net10.0/DevCoreBlog.Core.dll
  DevCoreBlog.Data -> /private/tmp/devcoreblog-f17.ceGhXu/source/DevCoreBlog.Data/bin/Debug/net10.0/DevCoreBlog.Data.dll
  DevCoreBlog.Services -> /private/tmp/devcoreblog-f17.ceGhXu/source/DevCoreBlog.Services/bin/Debug/net10.0/DevCoreBlog.Services.dll
  DevCoreBlog.ContentRulesTool -> /private/tmp/devcoreblog-f17.ceGhXu/source/tools/DevCoreBlog.ContentRulesTool/bin/Debug/net10.0/DevCoreBlog.ContentRulesTool.dll

Oluşturma başarılı oldu.
    0 Uyarı
    0 Hata

Geçen Süre 00:00:01.31
psql:/tmp/devcoreblog-f17.ceGhXu/source/scripts/verification/f01_fixture.sql:12: NOTICE:  table "Posts" does not exist, skipping
psql:/tmp/devcoreblog-f17.ceGhXu/source/scripts/verification/f01_fixture.sql:13: NOTICE:  table "Categories" does not exist, skipping
f17_public_unpaged_visibility=true
f17_every_public_query_hides_ineligible_rows=true
f17_public_category_and_feed_are_bounded=true
f17_admin_keeps_hidden_rows=true
f17_boundary_before_is_hidden=true
f17_boundary_at_is_visible=true
f17_inactive_category_post_count=1
F12 isolated data compatibility inventory
existing_post_title_conflicts=0
existing_post_summary_conflicts=1
existing_post_excerpt_conflicts=0
existing_post_content_conflicts=0
existing_post_thumbnail_url_conflicts=0
existing_post_category_conflicts=1
existing_category_name_conflicts=0
F12 direct service validation verification
fixture_conflicts_are_reported_before_writes=true
direct_service_rejects_whitespace_title=true
direct_service_rejects_inactive_category=true
direct_service_rejects_non_https_cover=true
direct_service_rejects_oversized_content=true
direct_category_service_rejects_blank_name=true
optional_text_is_normalized_and_persisted=true
rejected_service_calls_do_not_write=true
f17_http_public_routes_respond=true
f17_http_public_lists_hide_all_four_cases=true
f17_http_public_navigation_hides_inactive_category=true
f17_http_details_return_404=true
f17_http_inactive_category_returns_404=true
f17_http_sitemap_hides_inactive_category=true
f17_http_api_categories_hide_inactive=true
f17_http_feed_preserves_shape_and_limit=true
f17_http_feed_is_not_stored=true
f17_http_public_html_is_not_stored=true
f17_http_admin_keeps_all_rows=true
f17_http_detail_statuses={"f01-draft": 404, "f01-duplicate-title": 404, "f01-future-visible-marker": 404, "f01-inactive-post": 404}
f25_visitor_home_responds=true
f25_navigation_only_active_categories=true
f25_home_topics_only_active_categories=true
f25_admin_pages_respond=true
f25_dashboard_metrics=true
f25_top_post_bounded_and_ranked=true
f25_automation_active_categories_only=true
f25_dashboard_three_sql_commands=true
f25_navigation_category_links=['/category/f01-active']
f25_expected_metrics=8,5,3,5,1
f25_dashboard_sql_command_count=3
F17 browser fixture ready at http://127.0.0.1:15178
