  
  > devcoreblog-assets@1.0.0 build
  > node scripts/frontend/build.mjs
  
  Browserslist: caniuse-lite is outdated. Please run:
    npx update-browserslist-db@latest
    Why you should do it regularly: https://github.com/browserslist/update-db#readme
  
  Rebuilding...
  
  Done in 271ms.
  Browserslist: caniuse-lite is outdated. Please run:
    npx update-browserslist-db@latest
    Why you should do it regularly: https://github.com/browserslist/update-db#readme
  
  Rebuilding...
  
  Done in 225ms.
  Frontend assets built: Tailwind 3.4.17, Prism 1.30.0.
  DevCoreBlog.Core -> /private/tmp/devcoreblog-f22.rdJG9Z/source/DevCoreBlog.Core/bin/Debug/net10.0/DevCoreBlog.Core.dll
  DevCoreBlog.Data -> /private/tmp/devcoreblog-f22.rdJG9Z/source/DevCoreBlog.Data/bin/Debug/net10.0/DevCoreBlog.Data.dll
  DevCoreBlog.Services -> /private/tmp/devcoreblog-f22.rdJG9Z/source/DevCoreBlog.Services/bin/Debug/net10.0/DevCoreBlog.Services.dll
  DevCoreBlog -> /private/tmp/devcoreblog-f22.rdJG9Z/source/bin/Debug/net10.0/DevCoreBlog.dll

Oluşturma başarılı oldu.
    0 Uyarı
    0 Hata

Geçen Süre 00:00:11.86
  DevCoreBlog.Core -> /private/tmp/devcoreblog-f22.rdJG9Z/source/DevCoreBlog.Core/bin/Debug/net10.0/DevCoreBlog.Core.dll
  DevCoreBlog.Services -> /private/tmp/devcoreblog-f22.rdJG9Z/source/DevCoreBlog.Services/bin/Debug/net10.0/DevCoreBlog.Services.dll
  DevCoreBlog.PasswordHashTool -> /private/tmp/devcoreblog-f22.rdJG9Z/source/tools/DevCoreBlog.PasswordHashTool/bin/Debug/net10.0/DevCoreBlog.PasswordHashTool.dll

Oluşturma başarılı oldu.
    0 Uyarı
    0 Hata

Geçen Süre 00:00:01.50
Failed executing DbCommand (12ms) [Parameters=[], CommandType='Text', CommandTimeout='30']
SELECT "MigrationId", "ProductVersion"
FROM "__EFMigrationsHistory"
ORDER BY "MigrationId";
Acquiring an exclusive lock for migration application. See https://aka.ms/efcore-docs-migrations-lock for more information if this takes too long.
Applying migration '20260801205219_InitialCreate'.
Applying migration '20260806075506_RenamePropertiesForBaseEntity'.
Acquiring an exclusive lock for migration application. See https://aka.ms/efcore-docs-migrations-lock for more information if this takes too long.
Applying migration '20260807060210_AddViewCount'.
Acquiring an exclusive lock for migration application. See https://aka.ms/efcore-docs-migrations-lock for more information if this takes too long.
Applying migration '20260807084252_AddPublishDate'.
Acquiring an exclusive lock for migration application. See https://aka.ms/efcore-docs-migrations-lock for more information if this takes too long.
Applying migration '20260820080943_UpdatePostDataStructure'.
Acquiring an exclusive lock for migration application. See https://aka.ms/efcore-docs-migrations-lock for more information if this takes too long.
Applying migration '20260923192150_RestrictCategoryDeletion'.
Acquiring an exclusive lock for migration application. See https://aka.ms/efcore-docs-migrations-lock for more information if this takes too long.
Applying migration '20260927172351_UniqueSlugs'.
Acquiring an exclusive lock for migration application. See https://aka.ms/efcore-docs-migrations-lock for more information if this takes too long.
Applying migration '20260928073947_EditVersions'.
Acquiring an exclusive lock for migration application. See https://aka.ms/efcore-docs-migrations-lock for more information if this takes too long.
Applying migration '20260930094820_WebhookReceipts'.
Acquiring an exclusive lock for migration application. See https://aka.ms/efcore-docs-migrations-lock for more information if this takes too long.
Applying migration '20261003160853_PostUpdatedDate'.
Acquiring an exclusive lock for migration application. See https://aka.ms/efcore-docs-migrations-lock for more information if this takes too long.
Applying migration '20261004180016_ReadOrderingIndexes'.
Acquiring an exclusive lock for migration application. See https://aka.ms/efcore-docs-migrations-lock for more information if this takes too long.
Done.
Failed executing DbCommand (13ms) [Parameters=[], CommandType='Text', CommandTimeout='30']
SELECT "MigrationId", "ProductVersion"
FROM "__EFMigrationsHistory"
ORDER BY "MigrationId";
Acquiring an exclusive lock for migration application. See https://aka.ms/efcore-docs-migrations-lock for more information if this takes too long.
Applying migration '20260801205219_InitialCreate'.
Applying migration '20260806075506_RenamePropertiesForBaseEntity'.
Acquiring an exclusive lock for migration application. See https://aka.ms/efcore-docs-migrations-lock for more information if this takes too long.
Applying migration '20260807060210_AddViewCount'.
Acquiring an exclusive lock for migration application. See https://aka.ms/efcore-docs-migrations-lock for more information if this takes too long.
Applying migration '20260807084252_AddPublishDate'.
Acquiring an exclusive lock for migration application. See https://aka.ms/efcore-docs-migrations-lock for more information if this takes too long.
Applying migration '20260820080943_UpdatePostDataStructure'.
Acquiring an exclusive lock for migration application. See https://aka.ms/efcore-docs-migrations-lock for more information if this takes too long.
Applying migration '20260923192150_RestrictCategoryDeletion'.
Acquiring an exclusive lock for migration application. See https://aka.ms/efcore-docs-migrations-lock for more information if this takes too long.
Applying migration '20260927172351_UniqueSlugs'.
Acquiring an exclusive lock for migration application. See https://aka.ms/efcore-docs-migrations-lock for more information if this takes too long.
Done.
Acquiring an exclusive lock for migration application. See https://aka.ms/efcore-docs-migrations-lock for more information if this takes too long.
Applying migration '20260928073947_EditVersions'.
Applying migration '20260930094820_WebhookReceipts'.
Acquiring an exclusive lock for migration application. See https://aka.ms/efcore-docs-migrations-lock for more information if this takes too long.
Applying migration '20261003160853_PostUpdatedDate'.
Acquiring an exclusive lock for migration application. See https://aka.ms/efcore-docs-migrations-lock for more information if this takes too long.
Applying migration '20261004180016_ReadOrderingIndexes'.
Acquiring an exclusive lock for migration application. See https://aka.ms/efcore-docs-migrations-lock for more information if this takes too long.
Done.
f22_admin_session=true
f22_empty_and_prior_migrations=true
f22_existing_rows_start_at_version_one=true
f22_category_conflict_preserves_first_and_input=true
f22_post_conflict_preserves_first_and_input=true
f22_counter_does_not_conflict=true
f22_only_successful_edits_advance_versions=true
f22_simultaneous_updates_have_one_winner=true
