{
  "mode": "current",
  "checks": {
    "first_page_featured": true,
    "second_page_no_featured": true,
    "first_page_no_duplicate_cards": true,
    "second_page_all_six_cards": true,
    "no_page_overlap": true,
    "global_winner_first": true,
    "ranking_bounded": true,
    "ranking_tie_order": true,
    "ranking_equal_on_pages": true,
    "one_h1_each": true,
    "counts_explained": true,
    "honest_label": true,
    "hidden_never_leaks": true,
    "deterministic_tie_second_page": true,
    "repeat_request_stable": true
  }
}
