  Geri yüklenecek projeler belirleniyor...
  Geri yükleme için tüm projeler güncel.
  
  > devcoreblog-assets@1.0.0 build
  > node scripts/frontend/build.mjs
  
  Browserslist: caniuse-lite is outdated. Please run:
    npx update-browserslist-db@latest
    Why you should do it regularly: https://github.com/browserslist/update-db#readme
  Browserslist: browsers data (caniuse-lite) is 9 months old. Please run:
    npx update-browserslist-db@latest
    Why you should do it regularly: https://github.com/browserslist/update-db#readme
  
  Rebuilding...
  
  Done in 315ms.
  Browserslist: caniuse-lite is outdated. Please run:
    npx update-browserslist-db@latest
    Why you should do it regularly: https://github.com/browserslist/update-db#readme
  Browserslist: browsers data (caniuse-lite) is 9 months old. Please run:
    npx update-browserslist-db@latest
    Why you should do it regularly: https://github.com/browserslist/update-db#readme
  
  Rebuilding...
  
  Done in 244ms.
  Frontend assets built: Tailwind 3.4.17, Prism 1.30.0.
  DevCoreBlog.Core -> /Users/mehmetcankocakurt/Documents/development/DevCoreBlog/DevCoreBlog.Core/bin/Debug/net10.0/DevCoreBlog.Core.dll
  DevCoreBlog.Data -> /Users/mehmetcankocakurt/Documents/development/DevCoreBlog/DevCoreBlog.Data/bin/Debug/net10.0/DevCoreBlog.Data.dll
  DevCoreBlog.Services -> /Users/mehmetcankocakurt/Documents/development/DevCoreBlog/DevCoreBlog.Services/bin/Debug/net10.0/DevCoreBlog.Services.dll
  DevCoreBlog -> /Users/mehmetcankocakurt/Documents/development/DevCoreBlog/bin/Debug/net10.0/DevCoreBlog.dll

Oluşturma başarılı oldu.
    0 Uyarı
    0 Hata

Geçen Süre 00:00:06.03
