{
  "baseline": true,
  "checks": {
    "page_size_18": false,
    "no_page_overlap": false,
    "stable_rank_and_id": false,
    "repeat_order_stable": true,
    "next_preserves_filters": false,
    "previous_preserves_filters": false,
    "total_and_category_context": false,
    "body_matches_after_title_matches": true,
    "inactive_draft_future_hidden": true,
    "page_size_27": false,
    "page_size_default_9": false,
    "literal_percent_underscore": true,
    "unknown_category_404": false,
    "inactive_category_404": false,
    "absent_page_404": false,
    "empty_first_page_200": true,
    "empty_next_page_404": false,
    "blank_prompts_without_all_posts": true,
    "term_is_encoded": true,
    "invalid_query_xxxxxxxxxx_400": false,
    "invalid_category_xxxxxxxxxx_400": false,
    "invalid_page_-1_400": false,
    "invalid_page_0_400": false,
    "invalid_page_1001_400": false,
    "invalid_page_2147483648_400": false,
    "invalid_page_bad_400": false,
    "invalid_pageSize_1000000_400": false,
    "invalid_pageSize_10_400": false,
    "invalid_pageSize_bad_400": false,
    "home_page_-1_400": false,
    "home_page_1001_400": false,
    "home_page_bad_400": false,
    "home_pageSize_10_400": false,
    "home_size_18": false,
    "home_absent_page_404": true,
    "category_page_-1_400": false,
    "category_page_1001_400": false,
    "category_page_bad_400": false,
    "category_pageSize_10_400": false,
    "category_size_18": false,
    "category_absent_page_404": true
  }
}
