f17_public_unpaged_visibility=true
f17_every_public_query_hides_ineligible_rows=true
f17_public_category_and_feed_are_bounded=true
f17_admin_keeps_hidden_rows=true
f17_boundary_before_is_hidden=true
f17_boundary_at_is_visible=true
fixture_conflicts_are_reported_before_writes=true
direct_service_rejects_whitespace_title=true
direct_service_rejects_inactive_category=true
direct_service_rejects_non_https_cover=true
direct_service_rejects_oversized_content=true
direct_category_service_rejects_blank_name=true
optional_text_is_normalized_and_persisted=true
rejected_service_calls_do_not_write=true
f17_http_public_routes_respond=true
f17_http_public_lists_hide_all_four_cases=true
f17_http_public_navigation_hides_inactive_category=true
f17_http_details_return_404=true
f17_http_inactive_category_returns_404=true
f17_http_sitemap_hides_inactive_category=true
f17_http_api_categories_hide_inactive=true
f17_http_feed_preserves_shape_and_limit=true
f17_http_feed_is_not_stored=true
f17_http_public_html_is_not_stored=true
f17_http_admin_keeps_all_rows=true
f18_parallel_mutation_statuses=[200, 200, 200, 200]
f18_cached_home_and_category_reused=true
f18_unpublish_invalidates_warmed_lists=true
f18_parallel_reads_do_not_reinsert_stale_response=true
f18_scheduled_post_appears_at_boundary=true
f18_category_mutation_invalidates_navigation=true
f18_parallel_mutations_do_not_reinsert_stale_navigation=true
f18_public_client_responses_are_not_stored=true
F11 isolated optional cover and validation verification
{
  "checks": {
    "create_form_has_optional_cover_and_hides_empty_summary": true,
    "create_without_cover_persists": true,
    "edit_form_does_not_post_stored_cover": true,
    "edit_without_file_preserves_server_cover": true,
    "validation_failure_retains_inputs_and_does_not_persist": true,
    "upload_failure_retains_inputs_cover_and_database_state": true
  },
  "statuses": {
    "create_without_cover_final": 200,
    "edit_without_file_final": 200,
    "validation_failure_final": 200,
    "failed_upload_final": 200
  }
}
F12 shared MVC and webhook validation verification
{
  "checks": {
    "form_exposes_matching_limits_and_only_active_categories": true,
    "system_fields_are_absent_from_create_contract": true,
    "form_rejects_oversized_summary_without_persisting": true,
    "webhook_rejects_same_summary_rule_with_field_error": true,
    "webhook_maps_cover_rule_to_payload_field": true,
    "webhook_rejects_inactive_category": true,
    "valid_form_ignores_submitted_system_fields": true,
    "category_form_enforces_name_limit": true
  },
  "statuses": {
    "post_form_invalid": 200,
    "post_form_overpost_final": 200,
    "category_form_invalid": 200,
    "webhook_shared_invalid": 400,
    "webhook_inactive_category": 400
  }
}

