f29_production_missing_site_rejected=true
f29_production_http_site_rejected=true
f29_site_path_rejected=true
f29_site_query_rejected=true
f29_site_fragment_rejected=true
f29_site_credentials_rejected=true
f29_site_bad_scheme_rejected=true
f29_site_remote_http_rejected=true
f29_cors_wildcard_rejected=true
f29_cors_path_rejected=true
f17_public_unpaged_visibility=true
f17_every_public_query_hides_ineligible_rows=true
f17_public_category_and_feed_are_bounded=true
f17_admin_keeps_hidden_rows=true
f17_boundary_before_is_hidden=true
f17_boundary_at_is_visible=true
fixture_conflicts_are_reported_before_writes=true
direct_service_rejects_whitespace_title=true
direct_service_rejects_inactive_category=true
direct_service_rejects_non_https_cover=true
direct_service_rejects_oversized_content=true
direct_category_service_rejects_blank_name=true
optional_text_is_normalized_and_persisted=true
rejected_service_calls_do_not_write=true
f17_http_public_routes_respond=true
f17_http_public_lists_hide_all_four_cases=true
f17_http_public_navigation_hides_inactive_category=true
f17_http_details_return_404=true
f17_http_inactive_category_returns_404=true
f17_http_sitemap_hides_inactive_category=true
f17_http_api_categories_hide_inactive=true
f17_http_feed_preserves_shape_and_limit=true
f17_http_feed_is_not_stored=true
f17_http_public_html_is_not_stored=true
f17_http_admin_keeps_all_rows=true
f29_host_cannot_control_absolute_urls=true
f29_exact_preserved_json_fields=true
f29_three_posts_stable_date_and_id_order=true
f29_sql_reads_only_feed_columns=true
f29_one_sql_with_visibility_order_and_limit=true
f29_allowed_origin_get_has_cors_header=true
f29_cors_is_browser_policy_not_auth=true
f29_get_preflight_supported=true
f29_post_preflight_rejected=true
f29_no_store_cache_policy=true
f29_payload_has_no_large_body_or_navigation=true
f29_mutation_visible_without_stale_cache=true
f29_scheduled_boundary_has_no_stale_cache=true
f29_inactive_category_hidden_immediately=true
f29_rate_limit_429_with_retry_after=true
