(node:85310) [MODULE_TYPELESS_PACKAGE_JSON] Warning: Module type of file:///Users/mehmetcankocakurt/Documents/development/DevCoreBlog/wwwroot/js/post-recovery.js is not specified and it doesn't parse as CommonJS.
Reparsing as ES module because module syntax was detected. This incurs a performance overhead.
To eliminate this warning, add "type": "module" to /Users/mehmetcankocakurt/Documents/development/DevCoreBlog/package.json.
(Use `node --trace-warnings ...` to show where the warning was created)
{
  "checks": {
    "isolated_keys_and_whitelisted_fields": true,
    "reload_offers_without_overwriting_and_restores_empty_fields": true,
    "legacy_create_copy_requires_explicit_restore": true,
    "malformed_copy_is_not_silently_overwritten": true,
    "simultaneous_tabs_preserve_first_copy_and_expose_conflict": true,
    "stale_receipt_keeps_newer_copy_matching_receipt_clears_only_its_key": true,
    "stale_restore_and_discard_cannot_delete_an_unseen_newer_copy": true,
    "denied_storage_quota_and_missing_locks_are_nonthrowing": true,
    "scratch_transfer_is_offered_and_only_matching_transfer_is_cleared": true,
    "untrusted_receipt_key_and_bad_revision_do_not_clear_storage": true,
    "storage_failure_does_not_block_native_form_submission": true
  },
  "count": 11
}
