{
  "checks": {
    "unsaved_create_returns_html_without_receipt": true,
    "no_store_and_no_index": true,
    "button_is_native_separate_target_without_changing_save_form": true,
    "anonymous_preview_is_not_rendered": true,
    "authenticated_get_cannot_render_input": true,
    "missing_token_rejected": true,
    "invalid_token_rejected": true,
    "blank_title_rejects_without_rendering": true,
    "blank_content_rejects_without_rendering": true,
    "long_content_rejects_without_rendering": true,
    "long_title_rejects_without_rendering": true,
    "missing_category_rejects_without_rendering": true,
    "inactive_category_rejects_without_rendering": true,
    "unknown_category_rejects_without_rendering": true,
    "invalid_date_rejects_without_rendering": true,
    "preview_matches_actual_detail_markup": true,
    "title_is_encoded": true,
    "xss_raw_html_is_rendered_inert": true,
    "xss_event_handler_attributes_are_not_active": true,
    "xss_dangerous_link_and_image_schemes_are_rejected": true,
    "xss_generic_attributes_are_not_enabled": true,
    "xss_approved_youtube_url_uses_fixed_embed": true,
    "xss_fake_youtube_host_is_not_embedded": true,
    "xss_safe_https_and_relative_links_render": true,
    "xss_table_list_and_csharp_code_render": true,
    "draft_preview_does_not_publish_and_ignores_client_cover": true,
    "preview_never_uploads_selected_files": true,
    "oversize_body_is_rejected": true,
    "unknown_stored_post_is_not_found": true,
    "all_rows_counts_publication_versions_and_counters_unchanged": true
  },
  "count": 30
}
