{
  "checks": {
    "home_English_shell": true,
    "home_site_date": true,
    "search_English_shell": true,
    "search_site_date": true,
    "category_English_shell": true,
    "category_site_date": true,
    "detail_English_shell": true,
    "detail_site_date": true,
    "machine_time_remains_UTC": true,
    "Turkish_article_is_not_translated": true,
    "unknown_article_language_is_not_invented": true,
    "admin_created_date_uses_same_site_date": true,
    "form_value_keeps_site_datetime_seconds": true,
    "recovery_receives_site_timezone": true,
    "server_validation_stays_English": true,
    "invalid_date_binding_is_English": true,
    "date_display_and_invalid_save_keep_stored_fields": true
  },
  "count": 17
}
