Traceback (most recent call last):
  File "/Users/mehmetcankocakurt/Documents/development/DevCoreBlog/scripts/verification/f42_ui_dates_probe.py", line 33, in <module>
    status,_,body=request(visitor,base+path)
                  ~~~~~~~^^^^^^^^^^^^^^^^^^^
  File "/Users/mehmetcankocakurt/Documents/development/DevCoreBlog/scripts/verification/http_probe_support.py", line 39, in request
    status, final_url, body, _ = request_with_headers(
                                 ~~~~~~~~~~~~~~~~~~~~^
        opener,
        ^^^^^^^
    ...<3 lines>...
        headers=headers,
        ^^^^^^^^^^^^^^^^
    )
    ^
  File "/Users/mehmetcankocakurt/Documents/development/DevCoreBlog/scripts/verification/http_probe_support.py", line 64, in request_with_headers
    with opener.open(req, timeout=5) as response:
         ~~~~~~~~~~~^^^^^^^^^^^^^^^^
  File "/Library/Frameworks/Python.framework/Versions/3.13/lib/python3.13/urllib/request.py", line 489, in open
    response = self._open(req, data)
  File "/Library/Frameworks/Python.framework/Versions/3.13/lib/python3.13/urllib/request.py", line 506, in _open
    result = self._call_chain(self.handle_open, protocol, protocol +
                              '_open', req)
  File "/Library/Frameworks/Python.framework/Versions/3.13/lib/python3.13/urllib/request.py", line 466, in _call_chain
    result = func(*args)
  File "/Library/Frameworks/Python.framework/Versions/3.13/lib/python3.13/urllib/request.py", line 1348, in http_open
    return self.do_open(http.client.HTTPConnection, req)
           ~~~~~~~~~~~~^^^^^^^^^^^^^^^^^^^^^^^^^^^^^^^^^
  File "/Library/Frameworks/Python.framework/Versions/3.13/lib/python3.13/urllib/request.py", line 1319, in do_open
    h.request(req.get_method(), req.selector, req.data, headers,
    ~~~~~~~~~^^^^^^^^^^^^^^^^^^^^^^^^^^^^^^^^^^^^^^^^^^^^^^^^^^^
              encode_chunked=req.has_header('Transfer-encoding'))
              ^^^^^^^^^^^^^^^^^^^^^^^^^^^^^^^^^^^^^^^^^^^^^^^^^^^
  File "/Library/Frameworks/Python.framework/Versions/3.13/lib/python3.13/http/client.py", line 1338, in request
    self._send_request(method, url, body, headers, encode_chunked)
    ~~~~~~~~~~~~~~~~~~^^^^^^^^^^^^^^^^^^^^^^^^^^^^^^^^^^^^^^^^^^^^
  File "/Library/Frameworks/Python.framework/Versions/3.13/lib/python3.13/http/client.py", line 1349, in _send_request
    self.putrequest(method, url, **skips)
    ~~~~~~~~~~~~~~~^^^^^^^^^^^^^^^^^^^^^^
  File "/Library/Frameworks/Python.framework/Versions/3.13/lib/python3.13/http/client.py", line 1187, in putrequest
    self._output(self._encode_request(request))
                 ~~~~~~~~~~~~~~~~~~~~^^^^^^^^^
  File "/Library/Frameworks/Python.framework/Versions/3.13/lib/python3.13/http/client.py", line 1267, in _encode_request
    return request.encode('ascii')
           ~~~~~~~~~~~~~~^^^^^^^^^
UnicodeEncodeError: 'ascii' codec can't encode character '\u011e' in position 23: ordinal not in range(128)
