{
  "checks": {
    "save_draft_overrides_spoofed_flag_and_is_hidden": true,
    "draft_state_and_no_live_link": true,
    "schedule_utc_exact_and_not_early": true,
    "scheduled_state_and_no_live_link": true,
    "publish_uses_server_now_and_is_visible": true,
    "published_state_and_live_link": true,
    "PastSchedule_rejected_and_input_retained": true,
    "InactiveCategory_rejected_and_input_retained": true,
    "MissingCategory_rejected_and_input_retained": true,
    "BadDate_rejected_and_input_retained": true,
    "UnknownAction_rejected_and_input_retained": true,
    "InvalidEnum_rejected_and_input_retained": true,
    "SaveOnCreate_rejected_and_input_retained": true,
    "normal_save_keeps_published_flag_and_exact_date": true,
    "normal_save_keeps_schedule_and_exact_date": true,
    "edit_save_draft_unpublishes": true,
    "edit_schedule_sets_future_utc": true,
    "edit_publish_ignores_future_date_and_publishes_now": true,
    "inactive_post_state_and_hidden_link": true,
    "inactive_category_state_and_hidden_link": true,
    "three_native_actions_and_no_publication_checkbox": true,
    "edit_save_explains_keep_publication": true
  },
  "count": 22
}
