{
  "checks": {
    "article_200_and_one_canonical": true,
    "title_is_Razor_encoded": true,
    "summary_is_plain_bounded_text": true,
    "one_safe_parseable_BlogPosting": true,
    "schema_headline_roundtrips_malicious_text": true,
    "script_terminator_escaped": true,
    "schema_has_stored_UTC_date": true,
    "no_invented_modified_author_publisher_rating": true,
    "schema_uses_trusted_url": true,
    "missing_cover_omits_image_meta_and_schema": true,
    "canonical_/": true,
    "website_meta_unique_/": true,
    "indexable_/": true,
    "canonical_/?page=2&pageSize=9&tracking=drop": true,
    "website_meta_unique_/?page=2&pageSize=9&tracking=drop": true,
    "indexable_/?page=2&pageSize=9&tracking=drop": true,
    "canonical_/category/f01-active": true,
    "website_meta_unique_/category/f01-active": true,
    "indexable_/category/f01-active": true,
    "canonical_/category/f01-active?page=1&pageSize=18": true,
    "website_meta_unique_/category/f01-active?page=1&pageSize=18": true,
    "indexable_/category/f01-active?page=1&pageSize=18": true,
    "valid_cover_shared_across_meta_schema": true,
    "excerpt_fallback_is_plain_text": true,
    "large_image_card": true,
    "unsafe_legacy_cover_not_in_metadata": true,
    "missing_summary_has_safe_non_markdown_fallback": true,
    "search_noindex_meta_and_header": true,
    "search_single_normalized_canonical": true,
    "search_no_article_schema": true,
    "spoof_cannot_change_canonical_OG_schema": true,
    "login_noindex_single_canonical": true,
    "admin_login_success": true,
    "/Admin/Dashboard_private_meta": true,
    "/AdminPost_private_meta": true,
    "/AdminPost/Edit/4404_private_meta": true,
    "/AdminCategory_private_meta": true,
    "migrated_and_created_revision_dates_null": true,
    "unchanged_save_and_spoofed_modified_date_ignored": true,
    "draft_only_does_not_change_revision_date": true,
    "publish_only_does_not_change_revision_date": true,
    "content_edit_sets_server_UTC": true,
    "content_edit_keeps_slug_created_date": true,
    "schema_modified_matches_saved_date": true,
    "modified_date_is_visible": true,
    "counter_does_not_change_modified_date_or_version": true,
    "Title_edit_sets_UTC": true,
    "Summary_edit_sets_UTC": true,
    "Excerpt_edit_sets_UTC": true,
    "unchanged_save_preserves_existing_modified_date": true,
    "validation_failure_preserves_modified_date": true,
    "conflict_409_preserves_content_and_date": true,
    "category_edit_sets_server_UTC": true,
    "active_flag_only_preserves_modified_date": true,
    "long_Unicode_description_bounded_by_runes": true,
    "script_summary_omitted_for_safe_fallback": true,
    "credential_image_omitted": true,
    "preview_noindex_and_no_article_schema": true,
    "preview_has_no_date_content_counter_side_effect": true
  },
  "count": 59
}
